Archive member included because of file (symbol)

/usr/lib/gcc/avr/4.2.2/libgcc.a(_mulhi3.o)
                              soft_pwm_rgb_led_1.o (__mulhi3)
/usr/lib/gcc/avr/4.2.2/libgcc.a(_udivmodqi4.o)
                              soft_pwm_rgb_led_1.o (__udivmodqi4)
/usr/lib/gcc/avr/4.2.2/libgcc.a(_divmodhi4.o)
                              soft_pwm_rgb_led_1.o (__divmodhi4)
/usr/lib/gcc/avr/4.2.2/libgcc.a(_exit.o)
                              /usr/lib/gcc/avr/4.2.2/../../../../avr/lib/crts2313.o (exit)
/usr/lib/gcc/avr/4.2.2/libgcc.a(_copy_data.o)
                              soft_pwm_rgb_led_1.o (__do_copy_data)
/usr/lib/gcc/avr/4.2.2/libgcc.a(_clear_bss.o)
                              soft_pwm_rgb_led_1.o (__do_clear_bss)
/usr/lib/gcc/avr/4.2.2/libgcc.a(_udivmodhi4.o)
                              /usr/lib/gcc/avr/4.2.2/libgcc.a(_divmodhi4.o) (__udivmodhi4)

Allocating common symbols
Common symbol       size              file

keydown_counter     0x2               soft_pwm_rgb_led_1.o
hue                 0x1               soft_pwm_rgb_led_1.o
state               0x1               soft_pwm_rgb_led_1.o
compbuff            0x3               soft_pwm_rgb_led_1.o
compare             0x3               soft_pwm_rgb_led_1.o
bright              0x1               soft_pwm_rgb_led_1.o

Memory Configuration

Name             Origin             Length             Attributes
text             0x00000000         0x00002000         xr
data             0x00800060         0x0000ffa0         rw !x
eeprom           0x00810000         0x00010000         rw !x
fuse             0x00820000         0x00000400         rw !x
lock             0x00830000         0x00000400         rw !x
signature        0x00840000         0x00000400         rw !x
*default*        0x00000000         0xffffffff

Linker script and memory map

LOAD /usr/lib/gcc/avr/4.2.2/../../../../avr/lib/crts2313.o
LOAD soft_pwm_rgb_led_1.o
LOAD /usr/lib/gcc/avr/4.2.2/libgcc.a
LOAD /usr/lib/gcc/avr/4.2.2/../../../../avr/lib/libc.a
LOAD /usr/lib/gcc/avr/4.2.2/libgcc.a

.hash
 *(.hash)

.dynsym
 *(.dynsym)

.dynstr
 *(.dynstr)

.gnu.version
 *(.gnu.version)

.gnu.version_d
 *(.gnu.version_d)

.gnu.version_r
 *(.gnu.version_r)

.rel.init
 *(.rel.init)

.rela.init
 *(.rela.init)

.rel.text
 *(.rel.text)
 *(.rel.text.*)
 *(.rel.gnu.linkonce.t*)

.rela.text
 *(.rela.text)
 *(.rela.text.*)
 *(.rela.gnu.linkonce.t*)

.rel.fini
 *(.rel.fini)

.rela.fini
 *(.rela.fini)

.rel.rodata
 *(.rel.rodata)
 *(.rel.rodata.*)
 *(.rel.gnu.linkonce.r*)

.rela.rodata
 *(.rela.rodata)
 *(.rela.rodata.*)
 *(.rela.gnu.linkonce.r*)

.rel.data
 *(.rel.data)
 *(.rel.data.*)
 *(.rel.gnu.linkonce.d*)

.rela.data
 *(.rela.data)
 *(.rela.data.*)
 *(.rela.gnu.linkonce.d*)

.rel.ctors
 *(.rel.ctors)

.rela.ctors
 *(.rela.ctors)

.rel.dtors
 *(.rel.dtors)

.rela.dtors
 *(.rela.dtors)

.rel.got
 *(.rel.got)

.rela.got
 *(.rela.got)

.rel.bss
 *(.rel.bss)

.rela.bss
 *(.rela.bss)

.rel.plt
 *(.rel.plt)

.rela.plt
 *(.rela.plt)

.text           0x00000000      0x372
 *(.vectors)
 .vectors       0x00000000       0x16 /usr/lib/gcc/avr/4.2.2/../../../../avr/lib/crts2313.o
                0x00000000                __vectors
                0x00000000                __vector_default
 *(.vectors)
 *(.progmem.gcc*)
 *(.progmem*)
                0x00000016                . = ALIGN (0x2)
                0x00000016                __trampolines_start = .
 *(.trampolines)
 .trampolines   0x00000016        0x0 linker stubs
 *(.trampolines*)
                0x00000016                __trampolines_end = .
 *(.jumptables)
 *(.jumptables*)
 *(.lowtext)
 *(.lowtext*)
                0x00000016                __ctors_start = .
 *(.ctors)
                0x00000016                __ctors_end = .
                0x00000016                __dtors_start = .
 *(.dtors)
                0x00000016                __dtors_end = .
 SORT(*)(.ctors)
 SORT(*)(.dtors)
 *(.init0)
 .init0         0x00000016        0x0 /usr/lib/gcc/avr/4.2.2/../../../../avr/lib/crts2313.o
                0x00000016                __init
 *(.init0)
 *(.init1)
 *(.init1)
 *(.init2)
 .init2         0x00000016        0x8 /usr/lib/gcc/avr/4.2.2/../../../../avr/lib/crts2313.o
 *(.init2)
 *(.init3)
 *(.init3)
 *(.init4)
 .init4         0x0000001e       0x18 /usr/lib/gcc/avr/4.2.2/libgcc.a(_copy_data.o)
                0x0000001e                __do_copy_data
 .init4         0x00000036       0x10 /usr/lib/gcc/avr/4.2.2/libgcc.a(_clear_bss.o)
                0x00000036                __do_clear_bss
 *(.init4)
 *(.init5)
 *(.init5)
 *(.init6)
 *(.init6)
 *(.init7)
 *(.init7)
 *(.init8)
 *(.init8)
 *(.init9)
 .init9         0x00000046        0x4 /usr/lib/gcc/avr/4.2.2/../../../../avr/lib/crts2313.o
 *(.init9)
 *(.text)
 .text          0x0000004a        0x2 /usr/lib/gcc/avr/4.2.2/../../../../avr/lib/crts2313.o
                0x0000004a                __vector_1
                0x0000004a                __bad_interrupt
                0x0000004a                __vector_3
                0x0000004a                __vector_7
                0x0000004a                __vector_5
                0x0000004a                __vector_4
                0x0000004a                __vector_9
                0x0000004a                __vector_2
                0x0000004a                __vector_8
                0x0000004a                __vector_10
 .text          0x0000004c      0x296 soft_pwm_rgb_led_1.o
                0x000000d2                hset
                0x00000194                __vector_6
                0x00000114                hvset
                0x0000004c                h_to_rgb
                0x0000018c                init
                0x0000021a                main
 .text          0x000002e2        0x0 /usr/lib/gcc/avr/4.2.2/libgcc.a(_mulhi3.o)
 .text          0x000002e2        0x0 /usr/lib/gcc/avr/4.2.2/libgcc.a(_udivmodqi4.o)
 .text          0x000002e2        0x0 /usr/lib/gcc/avr/4.2.2/libgcc.a(_divmodhi4.o)
 .text          0x000002e2        0x0 /usr/lib/gcc/avr/4.2.2/libgcc.a(_exit.o)
 .text          0x000002e2        0x0 /usr/lib/gcc/avr/4.2.2/libgcc.a(_copy_data.o)
 .text          0x000002e2        0x0 /usr/lib/gcc/avr/4.2.2/libgcc.a(_clear_bss.o)
 .text          0x000002e2        0x0 /usr/lib/gcc/avr/4.2.2/libgcc.a(_udivmodhi4.o)
                0x000002e2                . = ALIGN (0x2)
 *(.text.*)
 .text.libgcc   0x000002e2       0x24 /usr/lib/gcc/avr/4.2.2/libgcc.a(_mulhi3.o)
                0x000002e2                __mulhi3
 .text.libgcc   0x00000306       0x18 /usr/lib/gcc/avr/4.2.2/libgcc.a(_udivmodqi4.o)
                0x00000306                __udivmodqi4
 .text.libgcc   0x0000031e       0x26 /usr/lib/gcc/avr/4.2.2/libgcc.a(_divmodhi4.o)
                0x0000031e                __divmodhi4
                0x0000031e                _div
 .text.libgcc   0x00000344        0x0 /usr/lib/gcc/avr/4.2.2/libgcc.a(_exit.o)
 .text.libgcc   0x00000344        0x0 /usr/lib/gcc/avr/4.2.2/libgcc.a(_copy_data.o)
 .text.libgcc   0x00000344        0x0 /usr/lib/gcc/avr/4.2.2/libgcc.a(_clear_bss.o)
 .text.libgcc   0x00000344       0x2c /usr/lib/gcc/avr/4.2.2/libgcc.a(_udivmodhi4.o)
                0x00000344                __udivmodhi4
                0x00000370                . = ALIGN (0x2)
 *(.fini9)
 .fini9         0x00000370        0x0 /usr/lib/gcc/avr/4.2.2/libgcc.a(_exit.o)
                0x00000370                exit
                0x00000370                _exit
 *(.fini9)
 *(.fini8)
 *(.fini8)
 *(.fini7)
 *(.fini7)
 *(.fini6)
 *(.fini6)
 *(.fini5)
 *(.fini5)
 *(.fini4)
 *(.fini4)
 *(.fini3)
 *(.fini3)
 *(.fini2)
 *(.fini2)
 *(.fini1)
 *(.fini1)
 *(.fini0)
 .fini0         0x00000370        0x2 /usr/lib/gcc/avr/4.2.2/libgcc.a(_exit.o)
 *(.fini0)
                0x00000372                _etext = .

.data           0x00800060        0x2 load address 0x00000372
                0x00800060                PROVIDE (__data_start, .)
 *(.data)
 .data          0x00800060        0x0 /usr/lib/gcc/avr/4.2.2/../../../../avr/lib/crts2313.o
 .data          0x00800060        0x2 soft_pwm_rgb_led_1.o
 .data          0x00800062        0x0 /usr/lib/gcc/avr/4.2.2/libgcc.a(_mulhi3.o)
 .data          0x00800062        0x0 /usr/lib/gcc/avr/4.2.2/libgcc.a(_udivmodqi4.o)
 .data          0x00800062        0x0 /usr/lib/gcc/avr/4.2.2/libgcc.a(_divmodhi4.o)
 .data          0x00800062        0x0 /usr/lib/gcc/avr/4.2.2/libgcc.a(_exit.o)
 .data          0x00800062        0x0 /usr/lib/gcc/avr/4.2.2/libgcc.a(_copy_data.o)
 .data          0x00800062        0x0 /usr/lib/gcc/avr/4.2.2/libgcc.a(_clear_bss.o)
 .data          0x00800062        0x0 /usr/lib/gcc/avr/4.2.2/libgcc.a(_udivmodhi4.o)
 *(.data*)
 *(.rodata)
 *(.rodata*)
 *(.gnu.linkonce.d*)
                0x00800062                . = ALIGN (0x2)
                0x00800062                _edata = .
                0x00800062                PROVIDE (__data_end, .)

.bss            0x00800062        0xb load address 0x00000374
                0x00800062                PROVIDE (__bss_start, .)
 *(.bss)
 .bss           0x00800062        0x0 /usr/lib/gcc/avr/4.2.2/../../../../avr/lib/crts2313.o
 .bss           0x00800062        0x0 soft_pwm_rgb_led_1.o
 .bss           0x00800062        0x0 /usr/lib/gcc/avr/4.2.2/libgcc.a(_mulhi3.o)
 .bss           0x00800062        0x0 /usr/lib/gcc/avr/4.2.2/libgcc.a(_udivmodqi4.o)
 .bss           0x00800062        0x0 /usr/lib/gcc/avr/4.2.2/libgcc.a(_divmodhi4.o)
 .bss           0x00800062        0x0 /usr/lib/gcc/avr/4.2.2/libgcc.a(_exit.o)
 .bss           0x00800062        0x0 /usr/lib/gcc/avr/4.2.2/libgcc.a(_copy_data.o)
 .bss           0x00800062        0x0 /usr/lib/gcc/avr/4.2.2/libgcc.a(_clear_bss.o)
 .bss           0x00800062        0x0 /usr/lib/gcc/avr/4.2.2/libgcc.a(_udivmodhi4.o)
 *(.bss*)
 *(COMMON)
 COMMON         0x00800062        0xb soft_pwm_rgb_led_1.o
                0x00800062                keydown_counter
                0x00800064                hue
                0x00800065                state
                0x00800066                compbuff
                0x00800069                compare
                0x0080006c                bright
                0x0080006d                PROVIDE (__bss_end, .)
                0x00000372                __data_load_start = LOADADDR (.data)
                0x00000374                __data_load_end = (__data_load_start + SIZEOF (.data))

.noinit         0x0080006d        0x0
                0x0080006d                PROVIDE (__noinit_start, .)
 *(.noinit*)
                0x0080006d                PROVIDE (__noinit_end, .)
                0x0080006d                _end = .
                0x0080006d                PROVIDE (__heap_start, .)

.eeprom         0x00810000        0x0
 *(.eeprom*)
                0x00810000                __eeprom_end = .

.fuse
 *(.fuse)
 *(.lfuse)
 *(.hfuse)
 *(.efuse)

.lock
 *(.lock*)

.signature
 *(.signature*)

.stab           0x00000000      0xce4
 *(.stab)
 .stab          0x00000000      0x360 /usr/lib/gcc/avr/4.2.2/../../../../avr/lib/crts2313.o
 .stab          0x00000360      0x984 soft_pwm_rgb_led_1.o
                                0x990 (size before relaxing)

.stabstr        0x00000000      0xa38
 *(.stabstr)
 .stabstr       0x00000000      0xa38 /usr/lib/gcc/avr/4.2.2/../../../../avr/lib/crts2313.o

.stab.excl
 *(.stab.excl)

.stab.exclstr
 *(.stab.exclstr)

.stab.index
 *(.stab.index)

.stab.indexstr
 *(.stab.indexstr)

.comment
 *(.comment)

.debug
 *(.debug)

.line
 *(.line)

.debug_srcinfo
 *(.debug_srcinfo)

.debug_sfnames
 *(.debug_sfnames)

.debug_aranges
 *(.debug_aranges)

.debug_pubnames
 *(.debug_pubnames)

.debug_info
 *(.debug_info)
 *(.gnu.linkonce.wi.*)

.debug_abbrev
 *(.debug_abbrev)

.debug_line
 *(.debug_line)

.debug_frame
 *(.debug_frame)

.debug_str
 *(.debug_str)

.debug_loc
 *(.debug_loc)

.debug_macinfo
 *(.debug_macinfo)
OUTPUT(soft_pwm_rgb_led_1.elf elf32-avr)
LOAD linker stubs
